src/components/Header.tsx(1,27): error TS6133: 'useEffect' is declared but its value is never read.
